// Jest Snapshot v1, https://goo.gl/fbAQLP

exports[`Header renders correctly 1`] = `
.emotion-0 {
  display: -webkit-box;
  display: -webkit-flex;
  display: -ms-flexbox;
  display: flex;
  -webkit-align-items: center;
  -webkit-box-align: center;
  -ms-flex-align: center;
  align-items: center;
  box-shadow: 0 0 8px var(--theme-ui-colors-primary);
  min-height: 58px;
}

.emotion-1 {
  margin-left: auto;
  margin-right: auto;
}

.emotion-2 {
  display: -webkit-box;
  display: -webkit-flex;
  display: -ms-flexbox;
  display: flex;
  -webkit-align-items: center;
  -webkit-box-align: center;
  -ms-flex-align: center;
  align-items: center;
  -webkit-box-pack: center;
  -ms-flex-pack: center;
  -webkit-justify-content: center;
  justify-content: center;
  padding: 0;
}

.emotion-3 {
  width: 36px;
  height: 36px;
  vertical-align: middle;
  border-radius: 50%;
  -webkit-transition: box-shadow .5s;
  transition: box-shadow .5s;
  box-shadow: 2px 2px 8px var(--theme-ui-colors-primary);
}

.emotion-3:hover {
  box-shadow: 2px 2px 8px undefined;
}

.emotion-4 {
  margin-left: 8px;
  font-size: 42px;
  color: var(--theme-ui-colors-primary);
  font-family: title;
  position: relative;
  top: 5px;
  margin: 0 1rem;
  font-weight: 400;
}

<header
  className="emotion-0"
>
  <div
    className="emotion-1"
  />
  <div
    className="emotion-2"
  >
    <div>
      <a
        href="/"
      >
        <test-file-stub
          alt="logo"
          className="emotion-3"
        />
      </a>
    </div>
    <span
      className="emotion-4"
    >
      header content
    </span>
  </div>
  <div
    className="emotion-1"
  />
</header>
`;
